  Analyse des sources à la recherche des dépendances de module...
  VK_Texture.cpp
spirv_reflect.obj : warning LNK4006: spvReflectBlockVariableTypeName déjà défini dans spirv-reflect-static.lib(spirv_reflect.obj) ; seconde définition ignorée
spirv_reflect.obj : warning LNK4006: spvReflectSourceLanguage déjà défini dans spirv-reflect-static.lib(spirv_reflect.obj) ; seconde définition ignorée
spirv_reflect.obj : warning LNK4006: spvReflectChangeOutputVariableLocation déjà défini dans spirv-reflect-static.lib(spirv_reflect.obj) ; seconde définition ignorée
spirv_reflect.obj : warning LNK4006: spvReflectChangeInputVariableLocation déjà défini dans spirv-reflect-static.lib(spirv_reflect.obj) ; seconde définition ignorée
spirv_reflect.obj : warning LNK4006: spvReflectChangeDescriptorSetNumber déjà défini dans spirv-reflect-static.lib(spirv_reflect.obj) ; seconde définition ignorée
spirv_reflect.obj : warning LNK4006: spvReflectChangeDescriptorBindingNumber déjà défini dans spirv-reflect-static.lib(spirv_reflect.obj) ; seconde définition ignorée
spirv_reflect.obj : warning LNK4006: spvReflectChangeDescriptorBindingNumbers déjà défini dans spirv-reflect-static.lib(spirv_reflect.obj) ; seconde définition ignorée
spirv_reflect.obj : warning LNK4006: spvReflectGetEntryPointPushConstantBlock déjà défini dans spirv-reflect-static.lib(spirv_reflect.obj) ; seconde définition ignorée
spirv_reflect.obj : warning LNK4006: spvReflectGetPushConstant déjà défini dans spirv-reflect-static.lib(spirv_reflect.obj) ; seconde définition ignorée
spirv_reflect.obj : warning LNK4006: spvReflectGetPushConstantBlock déjà défini dans spirv-reflect-static.lib(spirv_reflect.obj) ; seconde définition ignorée
spirv_reflect.obj : warning LNK4006: spvReflectGetEntryPointOutputVariableBySemantic déjà défini dans spirv-reflect-static.lib(spirv_reflect.obj) ; seconde définition ignorée
spirv_reflect.obj : warning LNK4006: spvReflectGetOutputVariableBySemantic déjà défini dans spirv-reflect-static.lib(spirv_reflect.obj) ; seconde définition ignorée
spirv_reflect.obj : warning LNK4006: spvReflectGetEntryPointOutputVariableByLocation déjà défini dans spirv-reflect-static.lib(spirv_reflect.obj) ; seconde définition ignorée
spirv_reflect.obj : warning LNK4006: spvReflectGetOutputVariable déjà défini dans spirv-reflect-static.lib(spirv_reflect.obj) ; seconde définition ignorée
spirv_reflect.obj : warning LNK4006: spvReflectGetOutputVariableByLocation déjà défini dans spirv-reflect-static.lib(spirv_reflect.obj) ; seconde définition ignorée
spirv_reflect.obj : warning LNK4006: spvReflectGetEntryPointInputVariableBySemantic déjà défini dans spirv-reflect-static.lib(spirv_reflect.obj) ; seconde définition ignorée
spirv_reflect.obj : warning LNK4006: spvReflectGetInputVariableBySemantic déjà défini dans spirv-reflect-static.lib(spirv_reflect.obj) ; seconde définition ignorée
spirv_reflect.obj : warning LNK4006: spvReflectGetEntryPointInputVariableByLocation déjà défini dans spirv-reflect-static.lib(spirv_reflect.obj) ; seconde définition ignorée
spirv_reflect.obj : warning LNK4006: spvReflectGetInputVariable déjà défini dans spirv-reflect-static.lib(spirv_reflect.obj) ; seconde définition ignorée
spirv_reflect.obj : warning LNK4006: spvReflectGetInputVariableByLocation déjà défini dans spirv-reflect-static.lib(spirv_reflect.obj) ; seconde définition ignorée
spirv_reflect.obj : warning LNK4006: spvReflectGetEntryPointDescriptorSet déjà défini dans spirv-reflect-static.lib(spirv_reflect.obj) ; seconde définition ignorée
spirv_reflect.obj : warning LNK4006: spvReflectGetDescriptorSet déjà défini dans spirv-reflect-static.lib(spirv_reflect.obj) ; seconde définition ignorée
spirv_reflect.obj : warning LNK4006: spvReflectGetEntryPointDescriptorBinding déjà défini dans spirv-reflect-static.lib(spirv_reflect.obj) ; seconde définition ignorée
spirv_reflect.obj : warning LNK4006: spvReflectGetDescriptorBinding déjà défini dans spirv-reflect-static.lib(spirv_reflect.obj) ; seconde définition ignorée
spirv_reflect.obj : warning LNK4006: spvReflectEnumerateSpecializationConstants déjà défini dans spirv-reflect-static.lib(spirv_reflect.obj) ; seconde définition ignorée
spirv_reflect.obj : warning LNK4006: spvReflectEnumerateEntryPointPushConstantBlocks déjà défini dans spirv-reflect-static.lib(spirv_reflect.obj) ; seconde définition ignorée
spirv_reflect.obj : warning LNK4006: spvReflectEnumeratePushConstants déjà défini dans spirv-reflect-static.lib(spirv_reflect.obj) ; seconde définition ignorée
spirv_reflect.obj : warning LNK4006: spvReflectEnumeratePushConstantBlocks déjà défini dans spirv-reflect-static.lib(spirv_reflect.obj) ; seconde définition ignorée
spirv_reflect.obj : warning LNK4006: spvReflectEnumerateEntryPointOutputVariables déjà défini dans spirv-reflect-static.lib(spirv_reflect.obj) ; seconde définition ignorée
spirv_reflect.obj : warning LNK4006: spvReflectEnumerateOutputVariables déjà défini dans spirv-reflect-static.lib(spirv_reflect.obj) ; seconde définition ignorée
spirv_reflect.obj : warning LNK4006: spvReflectEnumerateEntryPointInputVariables déjà défini dans spirv-reflect-static.lib(spirv_reflect.obj) ; seconde définition ignorée
spirv_reflect.obj : warning LNK4006: spvReflectEnumerateInputVariables déjà défini dans spirv-reflect-static.lib(spirv_reflect.obj) ; seconde définition ignorée
spirv_reflect.obj : warning LNK4006: spvReflectEnumerateEntryPointInterfaceVariables déjà défini dans spirv-reflect-static.lib(spirv_reflect.obj) ; seconde définition ignorée
spirv_reflect.obj : warning LNK4006: spvReflectEnumerateInterfaceVariables déjà défini dans spirv-reflect-static.lib(spirv_reflect.obj) ; seconde définition ignorée
spirv_reflect.obj : warning LNK4006: spvReflectEnumerateEntryPointDescriptorSets déjà défini dans spirv-reflect-static.lib(spirv_reflect.obj) ; seconde définition ignorée
spirv_reflect.obj : warning LNK4006: spvReflectEnumerateDescriptorSets déjà défini dans spirv-reflect-static.lib(spirv_reflect.obj) ; seconde définition ignorée
spirv_reflect.obj : warning LNK4006: spvReflectEnumerateEntryPointDescriptorBindings déjà défini dans spirv-reflect-static.lib(spirv_reflect.obj) ; seconde définition ignorée
spirv_reflect.obj : warning LNK4006: spvReflectEnumerateDescriptorBindings déjà défini dans spirv-reflect-static.lib(spirv_reflect.obj) ; seconde définition ignorée
spirv_reflect.obj : warning LNK4006: spvReflectGetEntryPoint déjà défini dans spirv-reflect-static.lib(spirv_reflect.obj) ; seconde définition ignorée
spirv_reflect.obj : warning LNK4006: spvReflectGetCode déjà défini dans spirv-reflect-static.lib(spirv_reflect.obj) ; seconde définition ignorée
spirv_reflect.obj : warning LNK4006: spvReflectGetCodeSize déjà défini dans spirv-reflect-static.lib(spirv_reflect.obj) ; seconde définition ignorée
spirv_reflect.obj : warning LNK4006: spvReflectDestroyShaderModule déjà défini dans spirv-reflect-static.lib(spirv_reflect.obj) ; seconde définition ignorée
spirv_reflect.obj : warning LNK4006: spvReflectGetShaderModule déjà défini dans spirv-reflect-static.lib(spirv_reflect.obj) ; seconde définition ignorée
spirv_reflect.obj : warning LNK4006: spvReflectCreateShaderModule2 déjà défini dans spirv-reflect-static.lib(spirv_reflect.obj) ; seconde définition ignorée
spirv_reflect.obj : warning LNK4006: spvReflectCreateShaderModule déjà défini dans spirv-reflect-static.lib(spirv_reflect.obj) ; seconde définition ignorée
spirv_reflect.obj : warning LNK4006: IsPointerToPointer déjà défini dans spirv-reflect-static.lib(spirv_reflect.obj) ; seconde définition ignorée
  Core.vcxproj -> C:\Users\Etudiant2\Llyn-Engine\x64\Release\Core.lib
